// Jest Snapshot v1, https://goo.gl/fbAQLP

exports[`RenderPage renders the page unchanged 1`] = `
<div>
  <div
    class="container"
  >
    <div>
      <h2>
        ブログです。
      </h2>
      <p>
        私が通った道を書いていくことで知の高速道路を目指します。
      </p>
    </div>
  </div>
</div>
`;
